Analyzing unified...                                            

   info • Use 'const' with the constructor to improve performance • lib/core/models/theme_config.dart:31:42 • prefer_const_constructors
   info • Don't invoke 'print' in production code • lib/core/notifiers/auth_notifier.dart:69:7 • avoid_print
   info • 'withOpacity' is deprecated and shouldn't be used. Use .withValues() to avoid precision loss • lib/core/pages/shared_consumo_page.dart:222:32 • deprecated_member_use
   info • 'withOpacity' is deprecated and shouldn't be used. Use .withValues() to avoid precision loss • lib/core/pages/shared_consumo_page.dart:229:54 • deprecated_member_use
   info • Use 'const' with the constructor to improve performance • lib/core/pages/shared_consumo_page.dart:318:27 • prefer_const_constructors
   info • Use 'const' with the constructor to improve performance • lib/core/pages/shared_consumo_page.dart:321:23 • prefer_const_constructors
   info • Use 'const' with the constructor to improve performance • lib/core/pages/shared_consumo_page.dart:321:46 • prefer_const_constructors
   info • Use 'const' with the constructor to improve performance • lib/core/pages/shared_consumo_page.dart:323:23 • prefer_const_constructors
   info • Use 'const' with the constructor to improve performance • lib/core/pages/shared_consumo_page.dart:323:46 • prefer_const_constructors
   info • Use 'const' with the constructor to improve performance • lib/core/pages/shared_consumo_page.dart:325:23 • prefer_const_constructors
   info • Use 'const' with the constructor to improve performance • lib/core/pages/shared_consumo_page.dart:325:46 • prefer_const_constructors
   info • Use 'const' with the constructor to improve performance • lib/core/pages/shared_consumo_page.dart:346:30 • prefer_const_constructors
   info • 'withOpacity' is deprecated and shouldn't be used. Use .withValues() to avoid precision loss • lib/core/pages/shared_consumo_page.dart:349:49 • deprecated_member_use
   info • 'withOpacity' is deprecated and shouldn't be used. Use .withValues() to avoid precision loss • lib/core/pages/shared_consumo_page.dart:383:63 • deprecated_member_use
   info • 'withOpacity' is deprecated and shouldn't be used. Use .withValues() to avoid precision loss • lib/core/pages/shared_consumo_page.dart:393:40 • deprecated_member_use
   info • 'withOpacity' is deprecated and shouldn't be used. Use .withValues() to avoid precision loss • lib/core/pages/shared_consumo_page.dart:394:40 • deprecated_member_use
   info • 'withOpacity' is deprecated and shouldn't be used. Use .withValues() to avoid precision loss • lib/core/pages/shared_consumo_page.dart:423:46 • deprecated_member_use
   info • 'withOpacity' is deprecated and shouldn't be used. Use .withValues() to avoid precision loss • lib/core/pages/shared_consumo_page.dart:428:53 • deprecated_member_use
   info • 'withOpacity' is deprecated and shouldn't be used. Use .withValues() to avoid precision loss • lib/core/pages/shared_consumo_page.dart:469:43 • deprecated_member_use
   info • 'withOpacity' is deprecated and shouldn't be used. Use .withValues() to avoid precision loss • lib/core/pages/shared_consumo_page.dart:501:63 • deprecated_member_use
   info • 'withOpacity' is deprecated and shouldn't be used. Use .withValues() to avoid precision loss • lib/core/pages/shared_consumo_page.dart:611:63 • deprecated_member_use
   info • 'withOpacity' is deprecated and shouldn't be used. Use .withValues() to avoid precision loss • lib/core/pages/shared_consumo_page.dart:651:43 • deprecated_member_use
   info • 'withOpacity' is deprecated and shouldn't be used. Use .withValues() to avoid precision loss • lib/core/pages/shared_consumo_page.dart:722:63 • deprecated_member_use
   info • Use 'const' with the constructor to improve performance • lib/core/pages/shared_consumo_page.dart:743:19 • prefer_const_constructors
   info • 'withOpacity' is deprecated and shouldn't be used. Use .withValues() to avoid precision loss • lib/core/pages/shared_consumo_page.dart:783:41 • deprecated_member_use
   info • 'withOpacity' is deprecated and shouldn't be used. Use .withValues() to avoid precision loss • lib/core/pages/shared_contrato_page.dart:77:53 • deprecated_member_use
   info • 'withOpacity' is deprecated and shouldn't be used. Use .withValues() to avoid precision loss • lib/core/pages/shared_contrato_page.dart:78:44 • deprecated_member_use
   info • 'withOpacity' is deprecated and shouldn't be used. Use .withValues() to avoid precision loss • lib/core/pages/shared_contrato_page.dart:238:61 • deprecated_member_use
   info • Use 'const' with the constructor to improve performance • lib/core/pages/shared_diagnostico_page.dart:457:32 • prefer_const_constructors
   info • 'withOpacity' is deprecated and shouldn't be used. Use .withValues() to avoid precision loss • lib/core/pages/shared_diagnostico_page.dart:588:53 • deprecated_member_use
   info • 'withOpacity' is deprecated and shouldn't be used. Use .withValues() to avoid precision loss • lib/core/pages/shared_diagnostico_page.dart:591:37 • deprecated_member_use
warning • The declaration '_buildSimpleStat' isn't referenced • lib/core/pages/shared_diagnostico_page.dart:615:10 • unused_element
warning • The declaration '_buildSpeedTestTile' isn't referenced • lib/core/pages/shared_diagnostico_page.dart:954:10 • unused_element
   info • 'withOpacity' is deprecated and shouldn't be used. Use .withValues() to avoid precision loss • lib/core/pages/shared_diagnostico_page.dart:1283:34 • deprecated_member_use
   info • 'withOpacity' is deprecated and shouldn't be used. Use .withValues() to avoid precision loss • lib/core/pages/shared_diagnostico_page.dart:1284:32 • deprecated_member_use
   info • 'withOpacity' is deprecated and shouldn't be used. Use .withValues() to avoid precision loss • lib/core/pages/shared_diagnostico_page.dart:1343:36 • deprecated_member_use
   info • 'withOpacity' is deprecated and shouldn't be used. Use .withValues() to avoid precision loss • lib/core/pages/shared_diagnostico_page.dart:1344:37 • deprecated_member_use
   info • 'withOpacity' is deprecated and shouldn't be used. Use .withValues() to avoid precision loss • lib/core/pages/shared_diagnostico_page.dart:1433:38 • deprecated_member_use
   info • 'withOpacity' is deprecated and shouldn't be used. Use .withValues() to avoid precision loss • lib/core/pages/shared_diagnostico_page.dart:1434:39 • deprecated_member_use
   info • 'withOpacity' is deprecated and shouldn't be used. Use .withValues() to avoid precision loss • lib/core/pages/shared_diagnostico_page.dart:1442:38 • deprecated_member_use
   info • 'withOpacity' is deprecated and shouldn't be used. Use .withValues() to avoid precision loss • lib/core/pages/shared_diagnostico_page.dart:1443:39 • deprecated_member_use
warning • The value of the local variable 'textColor' isn't used • lib/core/pages/shared_diagnostico_page.dart:1464:11 • unused_local_variable
warning • The value of the local variable 'subTextColor' isn't used • lib/core/pages/shared_diagnostico_page.dart:1465:11 • unused_local_variable
   info • 'withOpacity' is deprecated and shouldn't be used. Use .withValues() to avoid precision loss • lib/core/pages/shared_diagnostico_page.dart:1714:61 • deprecated_member_use
   info • 'withOpacity' is deprecated and shouldn't be used. Use .withValues() to avoid precision loss • lib/core/pages/shared_faq_page.dart:97:63 • deprecated_member_use
   info • 'withOpacity' is deprecated and shouldn't be used. Use .withValues() to avoid precision loss • lib/core/pages/shared_faq_page.dart:147:59 • deprecated_member_use
   info • 'withOpacity' is deprecated and shouldn't be used. Use .withValues() to avoid precision loss • lib/core/pages/shared_faq_page.dart:184:63 • deprecated_member_use
   info • 'withOpacity' is deprecated and shouldn't be used. Use .withValues() to avoid precision loss • lib/core/pages/shared_financeiro_page.dart:260:59 • deprecated_member_use
warning • The value of the local variable 'textColor' isn't used • lib/core/pages/shared_financeiro_page.dart:277:11 • unused_local_variable
warning • The value of the local variable 'subtitleColor' isn't used • lib/core/pages/shared_financeiro_page.dart:278:11 • unused_local_variable
warning • The declaration '_buildTrustUnlockButton' isn't referenced • lib/core/pages/shared_financeiro_page.dart:438:10 • unused_element
   info • Use 'const' with the constructor to improve performance • lib/core/pages/shared_financeiro_page.dart:459:18 • prefer_const_constructors
   info • Use 'const' with the constructor to improve performance • lib/core/pages/shared_financeiro_page.dart:461:20 • prefer_const_constructors
   info • Use 'const' literals as arguments to constructors of '@immutable' classes • lib/core/pages/shared_financeiro_page.dart:463:25 • prefer_const_literals_to_create_immutables
   info • Don't use 'BuildContext's across async gaps • lib/core/pages/shared_financeiro_page.dart:597:28 • use_build_context_synchronously
   info • Don't use 'BuildContext's across async gaps • lib/core/pages/shared_financeiro_page.dart:600:30 • use_build_context_synchronously
   info • Don't use 'BuildContext's across async gaps • lib/core/pages/shared_financeiro_page.dart:618:28 • use_build_context_synchronously
   info • Don't use 'BuildContext's across async gaps • lib/core/pages/shared_financeiro_page.dart:619:28 • use_build_context_synchronously
   info • 'withOpacity' is deprecated and shouldn't be used. Use .withValues() to avoid precision loss • lib/core/pages/shared_meu_ip_page.dart:129:63 • deprecated_member_use
   info • 'withOpacity' is deprecated and shouldn't be used. Use .withValues() to avoid precision loss • lib/core/pages/shared_speed_test_page.dart:232:47 • deprecated_member_use
   info • Use 'const' with the constructor to improve performance • lib/core/pages/shared_speed_test_page.dart:246:25 • prefer_const_constructors
   info • 'withOpacity' is deprecated and shouldn't be used. Use .withValues() to avoid precision loss • lib/core/pages/shared_speed_test_page.dart:251:60 • deprecated_member_use
   info • 'withOpacity' is deprecated and shouldn't be used. Use .withValues() to avoid precision loss • lib/core/pages/shared_speed_test_page.dart:257:49 • deprecated_member_use
   info • Use 'const' with the constructor to improve performance • lib/core/pages/shared_speed_test_page.dart:260:25 • prefer_const_constructors
   info • 'withOpacity' is deprecated and shouldn't be used. Use .withValues() to avoid precision loss • lib/core/pages/shared_speed_test_page.dart:280:44 • deprecated_member_use
   info • 'withOpacity' is deprecated and shouldn't be used. Use .withValues() to avoid precision loss • lib/core/pages/shared_speed_test_page.dart:284:51 • deprecated_member_use
   info • 'withOpacity' is deprecated and shouldn't be used. Use .withValues() to avoid precision loss • lib/core/pages/shared_speed_test_page.dart:356:53 • deprecated_member_use
   info • Use 'const' with the constructor to improve performance • lib/core/pages/shared_speed_test_page.dart:398:36 • prefer_const_constructors
   info • Use 'const' with the constructor to improve performance • lib/core/pages/shared_speed_test_page.dart:442:35 • prefer_const_constructors
   info • Use 'const' with the constructor to improve performance • lib/core/pages/shared_speed_test_page.dart:443:37 • prefer_const_constructors
   info • Use 'const' with the constructor to improve performance • lib/core/pages/shared_speed_test_page.dart:452:40 • prefer_const_constructors
   info • 'withOpacity' is deprecated and shouldn't be used. Use .withValues() to avoid precision loss • lib/core/pages/shared_speed_test_page.dart:455:55 • deprecated_member_use
   info • Use 'const' with the constructor to improve performance • lib/core/pages/shared_speed_test_page.dart:463:40 • prefer_const_constructors
   info • 'withOpacity' is deprecated and shouldn't be used. Use .withValues() to avoid precision loss • lib/core/pages/shared_speed_test_page.dart:466:56 • deprecated_member_use
   info • Use 'const' with the constructor to improve performance • lib/core/pages/shared_speed_test_page.dart:469:40 • prefer_const_constructors
   info • Unnecessary use of string interpolation • lib/core/pages/shared_speed_test_page.dart:500:25 • unnecessary_string_interpolations
   info • Unnecessary use of string interpolation • lib/core/pages/shared_speed_test_page.dart:507:25 • unnecessary_string_interpolations
   info • The private field _downloadPoints could be 'final' • lib/core/pages/shared_speed_test_page.dart:549:16 • prefer_final_fields
   info • The private field _uploadPoints could be 'final' • lib/core/pages/shared_speed_test_page.dart:550:16 • prefer_final_fields
   info • Statements in an if should be enclosed in a block • lib/core/pages/shared_speed_test_page.dart:571:13 • curly_braces_in_flow_control_structures
   info • Statements in an if should be enclosed in a block • lib/core/pages/shared_speed_test_page.dart:579:13 • curly_braces_in_flow_control_structures
   info • 'withOpacity' is deprecated and shouldn't be used. Use .withValues() to avoid precision loss • lib/core/pages/shared_suporte_page.dart:86:59 • deprecated_member_use
warning • The value of the local variable 'textColor' isn't used • lib/core/pages/shared_suporte_page.dart:103:11 • unused_local_variable
warning • The value of the local variable 'subtitleColor' isn't used • lib/core/pages/shared_suporte_page.dart:104:11 • unused_local_variable
   info • 'withOpacity' is deprecated and shouldn't be used. Use .withValues() to avoid precision loss • lib/core/pages/shared_suporte_page.dart:221:59 • deprecated_member_use
warning • The value of the local variable 'textColor' isn't used • lib/core/pages/shared_suporte_page.dart:238:11 • unused_local_variable
warning • The value of the local variable 'subtitleColor' isn't used • lib/core/pages/shared_suporte_page.dart:239:11 • unused_local_variable
   info • The private field _hops could be 'final' • lib/core/pages/shared_traceroute_page.dart:41:18 • prefer_final_fields
   info • 'withOpacity' is deprecated and shouldn't be used. Use .withValues() to avoid precision loss • lib/core/pages/shared_traceroute_page.dart:247:63 • deprecated_member_use
warning • The value of the local variable 'primaryColor' isn't used • lib/core/pages/shared_traceroute_page.dart:309:11 • unused_local_variable
   info • Use 'const' with the constructor to improve performance • lib/core/pages/shared_traceroute_page.dart:330:33 • prefer_const_constructors
   info • Use 'const' with the constructor to improve performance • lib/core/pages/shared_traceroute_page.dart:336:33 • prefer_const_constructors
   info • 'withOpacity' is deprecated and shouldn't be used. Use .withValues() to avoid precision loss • lib/core/pages/shared_traceroute_page.dart:345:46 • deprecated_member_use
   info • 'withOpacity' is deprecated and shouldn't be used. Use .withValues() to avoid precision loss • lib/core/pages/shared_traceroute_page.dart:406:61 • deprecated_member_use
   info • 'withOpacity' is deprecated and shouldn't be used. Use .withValues() to avoid precision loss • lib/core/pages/shared_traceroute_page.dart:440:42 • deprecated_member_use
   info • Use 'const' with the constructor to improve performance • lib/core/pages/shared_traceroute_page.dart:448:22 • prefer_const_constructors
   info • Use 'const' with the constructor to improve performance • lib/core/pages/shared_traceroute_page.dart:451:39 • prefer_const_constructors
   info • Use 'const' with the constructor to improve performance • lib/core/pages/shared_traceroute_page.dart:453:22 • prefer_const_constructors
  error • The name 'SkeletonDashboardPage' isn't a class • lib/core/painel_page.dart:93:20 • creation_with_non_type
   info • 'onPopInvoked' is deprecated and shouldn't be used. Use onPopInvokedWithResult instead. This feature was deprecated after v3.22.0-12.0.pre • lib/core/painel_page.dart:104:7 • deprecated_member_use
   info • Statements in an if should be enclosed in a block • lib/core/painel_page.dart:132:13 • curly_braces_in_flow_control_structures
   info • Use 'const' for final variables initialized to a constant value • lib/core/painel_page.dart:232:5 • prefer_const_declarations
   info • 'withOpacity' is deprecated and shouldn't be used. Use .withValues() to avoid precision loss • lib/core/painel_page.dart:263:43 • deprecated_member_use
   info • 'withOpacity' is deprecated and shouldn't be used. Use .withValues() to avoid precision loss • lib/core/painel_page.dart:272:41 • deprecated_member_use
   info • Use 'const' with the constructor to improve performance • lib/core/painel_page.dart:356:25 • prefer_const_constructors
   info • 'withOpacity' is deprecated and shouldn't be used. Use .withValues() to avoid precision loss • lib/core/painel_page.dart:362:58 • deprecated_member_use
   info • Use 'const' with the constructor to improve performance • lib/core/painel_page.dart:432:38 • prefer_const_constructors
   info • Use 'const' with the constructor to improve performance • lib/core/painel_page.dart:433:42 • prefer_const_constructors
   info • 'withOpacity' is deprecated and shouldn't be used. Use .withValues() to avoid precision loss • lib/core/painel_page.dart:483:51 • deprecated_member_use
   info • 'withOpacity' is deprecated and shouldn't be used. Use .withValues() to avoid precision loss • lib/core/painel_page.dart:507:53 • deprecated_member_use
   info • 'withOpacity' is deprecated and shouldn't be used. Use .withValues() to avoid precision loss • lib/core/painel_page.dart:537:44 • deprecated_member_use
   info • 'withOpacity' is deprecated and shouldn't be used. Use .withValues() to avoid precision loss • lib/core/painel_page.dart:553:62 • deprecated_member_use
   info • 'withOpacity' is deprecated and shouldn't be used. Use .withValues() to avoid precision loss • lib/core/painel_page.dart:559:58 • deprecated_member_use
   info • 'withOpacity' is deprecated and shouldn't be used. Use .withValues() to avoid precision loss • lib/core/painel_page.dart:595:49 • deprecated_member_use
   info • 'withOpacity' is deprecated and shouldn't be used. Use .withValues() to avoid precision loss • lib/core/painel_page.dart:620:41 • deprecated_member_use
   info • 'withOpacity' is deprecated and shouldn't be used. Use .withValues() to avoid precision loss • lib/core/painel_page.dart:741:39 • deprecated_member_use
   info • 'withOpacity' is deprecated and shouldn't be used. Use .withValues() to avoid precision loss • lib/core/painel_page.dart:914:42 • deprecated_member_use
   info • 'withOpacity' is deprecated and shouldn't be used. Use .withValues() to avoid precision loss • lib/core/painel_page.dart:920:56 • deprecated_member_use
   info • Don't invoke 'print' in production code • lib/core/providers/configuration_provider.dart:55:9 • avoid_print
   info • Don't invoke 'print' in production code • lib/core/providers/configuration_provider.dart:57:9 • avoid_print
   info • Don't invoke 'print' in production code • lib/core/providers/configuration_provider.dart:58:9 • avoid_print
   info • Don't invoke 'print' in production code • lib/core/providers/configuration_provider.dart:59:9 • avoid_print
   info • Don't invoke 'print' in production code • lib/core/providers/configuration_provider.dart:60:9 • avoid_print
   info • Don't invoke 'print' in production code • lib/core/providers/configuration_provider.dart:62:9 • avoid_print
   info • Don't invoke 'print' in production code • lib/core/providers/configuration_provider.dart:67:9 • avoid_print
   info • Don't invoke 'print' in production code • lib/core/providers/configuration_provider.dart:72:9 • avoid_print
   info • Don't invoke 'print' in production code • lib/core/providers/configuration_provider.dart:78:7 • avoid_print
   info • Don't invoke 'print' in production code • lib/core/providers/configuration_provider.dart:94:9 • avoid_print
   info • Don't invoke 'print' in production code • lib/core/providers/configuration_provider.dart:97:7 • avoid_print
   info • Don't invoke 'print' in production code • lib/core/providers/configuration_provider.dart:109:7 • avoid_print
warning • The '!' will have no effect because the receiver can't be null • lib/core/providers/consumo_provider.dart:57:36 • unnecessary_non_null_assertion
   info • Don't invoke 'print' in production code • lib/core/providers/providers.dart:64:9 • avoid_print
   info • Don't invoke 'print' in production code • lib/core/providers/providers.dart:120:9 • avoid_print
   info • Don't invoke 'print' in production code • lib/core/providers/providers.dart:151:9 • avoid_print
   info • Don't invoke 'print' in production code • lib/core/providers/providers.dart:155:7 • avoid_print
   info • 'withOpacity' is deprecated and shouldn't be used. Use .withValues() to avoid precision loss • lib/core/providers/theme_provider.dart:124:35 • deprecated_member_use
   info • Don't invoke 'print' in production code • lib/core/providers/theme_provider.dart:198:7 • avoid_print
   info • Don't invoke 'print' in production code • lib/core/repositories/auth_repository.dart:52:5 • avoid_print
   info • Don't invoke 'print' in production code • lib/core/repositories/auth_repository.dart:130:7 • avoid_print
   info • Don't invoke 'print' in production code • lib/core/repositories/auth_repository.dart:156:7 • avoid_print
   info • Don't invoke 'print' in production code • lib/core/services/biometric_service.dart:56:7 • avoid_print
   info • Statements in an if should be enclosed in a block • lib/core/services/diagnostico_service.dart:93:7 • curly_braces_in_flow_control_structures
   info • Statements in an if should be enclosed in a block • lib/core/services/diagnostico_service.dart:219:9 • curly_braces_in_flow_control_structures
   info • Statements in an if should be enclosed in a block • lib/core/services/diagnostico_service.dart:220:44 • curly_braces_in_flow_control_structures
   info • Don't invoke 'print' in production code • lib/core/services/onu_wifi_service.dart:148:5 • avoid_print
   info • Don't invoke 'print' in production code • lib/core/services/onu_wifi_service.dart:202:5 • avoid_print
   info • Don't invoke 'print' in production code • lib/core/services/onu_wifi_service.dart:261:5 • avoid_print
   info • Don't invoke 'print' in production code • lib/core/utils/pdf_generator_service.dart:65:7 • avoid_print
   info • 'withOpacity' is deprecated and shouldn't be used. Use .withValues() to avoid precision loss • lib/core/widgets/dashboard_card.dart:25:33 • deprecated_member_use
   info • 'withOpacity' is deprecated and shouldn't be used. Use .withValues() to avoid precision loss • lib/core/widgets/empty_state.dart:39:58 • deprecated_member_use
   info • 'withOpacity' is deprecated and shouldn't be used. Use .withValues() to avoid precision loss • lib/core/widgets/empty_state.dart:45:56 • deprecated_member_use
   info • 'withOpacity' is deprecated and shouldn't be used. Use .withValues() to avoid precision loss • lib/core/widgets/glass_card.dart:22:62 • deprecated_member_use
   info • 'withOpacity' is deprecated and shouldn't be used. Use .withValues() to avoid precision loss • lib/core/widgets/glass_card.dart:35:41 • deprecated_member_use
   info • 'withOpacity' is deprecated and shouldn't be used. Use .withValues() to avoid precision loss • lib/core/widgets/premium_invoice_card.dart:31:47 • deprecated_member_use
   info • 'withOpacity' is deprecated and shouldn't be used. Use .withValues() to avoid precision loss • lib/core/widgets/premium_invoice_card.dart:38:33 • deprecated_member_use
   info • 'withOpacity' is deprecated and shouldn't be used. Use .withValues() to avoid precision loss • lib/core/widgets/premium_invoice_card.dart:61:39 • deprecated_member_use
   info • Use 'const' with the constructor to improve performance • lib/core/widgets/skeleton_loader.dart:88:12 • prefer_const_constructors
   info • Use 'const' with the constructor to improve performance • lib/core/widgets/skeleton_loader.dart:89:14 • prefer_const_constructors
   info • Use 'const' with the constructor to improve performance • lib/core/widgets/skeleton_loader.dart:91:16 • prefer_const_constructors
   info • Use 'const' literals as arguments to constructors of '@immutable' classes • lib/core/widgets/skeleton_loader.dart:93:21 • prefer_const_literals_to_create_immutables
   info • Use 'const' with the constructor to improve performance • lib/core/widgets/skeleton_loader.dart:94:13 • prefer_const_constructors
   info • Use 'const' literals as arguments to constructors of '@immutable' classes • lib/core/widgets/skeleton_loader.dart:95:25 • prefer_const_literals_to_create_immutables
   info • Use 'const' with the constructor to improve performance • lib/core/widgets/skeleton_loader.dart:98:17 • prefer_const_constructors
   info • Use 'const' with the constructor to improve performance • lib/core/widgets/skeleton_loader.dart:135:12 • prefer_const_constructors
   info • Use 'const' with the constructor to improve performance • lib/core/widgets/skeleton_loader.dart:136:14 • prefer_const_constructors
   info • Use 'const' with the constructor to improve performance • lib/core/widgets/skeleton_loader.dart:138:16 • prefer_const_constructors
   info • Use 'const' literals as arguments to constructors of '@immutable' classes • lib/core/widgets/skeleton_loader.dart:140:21 • prefer_const_literals_to_create_immutables
   info • Use 'const' with the constructor to improve performance • lib/core/widgets/skeleton_loader.dart:141:13 • prefer_const_constructors
   info • Use 'const' literals as arguments to constructors of '@immutable' classes • lib/core/widgets/skeleton_loader.dart:142:25 • prefer_const_literals_to_create_immutables
   info • Use 'const' with the constructor to improve performance • lib/core/widgets/skeleton_loader.dart:151:13 • prefer_const_constructors
   info • 'withOpacity' is deprecated and shouldn't be used. Use .withValues() to avoid precision loss • lib/core/widgets/troubleshooter_card.dart:247:32 • deprecated_member_use
   info • Use 'const' for final variables initialized to a constant value • lib/layouts/layout_02/dashboard_page.dart:44:5 • prefer_const_declarations
   info • Use 'const' with the constructor to improve performance • lib/layouts/layout_02/dashboard_page.dart:91:19 • prefer_const_constructors
   info • Use 'const' with the constructor to improve performance • lib/layouts/layout_02/dashboard_page.dart:92:19 • prefer_const_constructors
   info • Use 'const' literals as arguments to constructors of '@immutable' classes • lib/layouts/layout_02/dashboard_page.dart:95:19 • prefer_const_literals_to_create_immutables
   info • 'withOpacity' is deprecated and shouldn't be used. Use .withValues() to avoid precision loss • lib/layouts/layout_02/dashboard_page.dart:157:39 • deprecated_member_use
   info • 'withOpacity' is deprecated and shouldn't be used. Use .withValues() to avoid precision loss • lib/layouts/layout_02/dashboard_page.dart:159:58 • deprecated_member_use
   info • 'withOpacity' is deprecated and shouldn't be used. Use .withValues() to avoid precision loss • lib/layouts/layout_02/dashboard_page.dart:198:44 • deprecated_member_use
   info • 'withOpacity' is deprecated and shouldn't be used. Use .withValues() to avoid precision loss • lib/layouts/layout_02/dashboard_page.dart:214:51 • deprecated_member_use
   info • 'withOpacity' is deprecated and shouldn't be used. Use .withValues() to avoid precision loss • lib/layouts/layout_02/dashboard_page.dart:215:38 • deprecated_member_use
   info • 'withOpacity' is deprecated and shouldn't be used. Use .withValues() to avoid precision loss • lib/layouts/layout_02/dashboard_page.dart:294:35 • deprecated_member_use
   info • 'withOpacity' is deprecated and shouldn't be used. Use .withValues() to avoid precision loss • lib/layouts/layout_02/dashboard_page.dart:325:39 • deprecated_member_use
   info • 'withOpacity' is deprecated and shouldn't be used. Use .withValues() to avoid precision loss • lib/layouts/layout_02/dashboard_page.dart:332:49 • deprecated_member_use
   info • 'withOpacity' is deprecated and shouldn't be used. Use .withValues() to avoid precision loss • lib/layouts/layout_02/dashboard_page.dart:371:45 • deprecated_member_use
   info • 'withOpacity' is deprecated and shouldn't be used. Use .withValues() to avoid precision loss • lib/layouts/layout_02/dashboard_page.dart:441:35 • deprecated_member_use
   info • 'withOpacity' is deprecated and shouldn't be used. Use .withValues() to avoid precision loss • lib/layouts/layout_02/dashboard_page.dart:487:54 • deprecated_member_use
   info • 'withOpacity' is deprecated and shouldn't be used. Use .withValues() to avoid precision loss • lib/layouts/layout_02/login_page.dart:202:51 • deprecated_member_use
   info • Use 'const' with the constructor to improve performance • lib/layouts/layout_02/login_page.dart:232:45 • prefer_const_constructors
   info • 'withOpacity' is deprecated and shouldn't be used. Use .withValues() to avoid precision loss • lib/layouts/layout_02/login_page.dart:304:56 • deprecated_member_use
   info • 'withOpacity' is deprecated and shouldn't be used. Use .withValues() to avoid precision loss • lib/layouts/layout_03/dashboard_page.dart:46:46 • deprecated_member_use
   info • 'withOpacity' is deprecated and shouldn't be used. Use .withValues() to avoid precision loss • lib/layouts/layout_03/dashboard_page.dart:75:42 • deprecated_member_use
   info • 'withOpacity' is deprecated and shouldn't be used. Use .withValues() to avoid precision loss • lib/layouts/layout_03/dashboard_page.dart:96:34 • deprecated_member_use
   info • 'withOpacity' is deprecated and shouldn't be used. Use .withValues() to avoid precision loss • lib/layouts/layout_03/dashboard_page.dart:124:41 • deprecated_member_use
   info • 'withOpacity' is deprecated and shouldn't be used. Use .withValues() to avoid precision loss • lib/layouts/layout_03/dashboard_page.dart:200:56 • deprecated_member_use
   info • 'withOpacity' is deprecated and shouldn't be used. Use .withValues() to avoid precision loss • lib/layouts/layout_03/dashboard_page.dart:222:51 • deprecated_member_use
   info • 'withOpacity' is deprecated and shouldn't be used. Use .withValues() to avoid precision loss • lib/layouts/layout_03/dashboard_page.dart:227:53 • deprecated_member_use
   info • 'withOpacity' is deprecated and shouldn't be used. Use .withValues() to avoid precision loss • lib/layouts/layout_03/dashboard_page.dart:249:21 • deprecated_member_use
   info • 'withOpacity' is deprecated and shouldn't be used. Use .withValues() to avoid precision loss • lib/layouts/layout_03/dashboard_page.dart:250:22 • deprecated_member_use
   info • Don't invoke 'print' in production code • lib/layouts/layout_03/dashboard_page.dart:329:13 • avoid_print
   info • Don't invoke 'print' in production code • lib/layouts/layout_03/dashboard_page.dart:333:15 • avoid_print
   info • 'withOpacity' is deprecated and shouldn't be used. Use .withValues() to avoid precision loss • lib/layouts/layout_03/dashboard_page.dart:349:47 • deprecated_member_use
   info • 'withOpacity' is deprecated and shouldn't be used. Use .withValues() to avoid precision loss • lib/layouts/layout_03/login_page.dart:201:51 • deprecated_member_use
   info • Use 'const' with the constructor to improve performance • lib/layouts/layout_03/login_page.dart:231:45 • prefer_const_constructors
   info • 'withOpacity' is deprecated and shouldn't be used. Use .withValues() to avoid precision loss • lib/layouts/layout_03/login_page.dart:303:56 • deprecated_member_use
warning • The value of the local variable 'theme' isn't used • lib/layouts/layout_04/dashboard_page.dart:40:11 • unused_local_variable
   info • 'withOpacity' is deprecated and shouldn't be used. Use .withValues() to avoid precision loss • lib/layouts/layout_04/dashboard_page.dart:142:49 • deprecated_member_use
   info • 'withOpacity' is deprecated and shouldn't be used. Use .withValues() to avoid precision loss • lib/layouts/layout_04/dashboard_page.dart:297:44 • deprecated_member_use
   info • 'withOpacity' is deprecated and shouldn't be used. Use .withValues() to avoid precision loss • lib/layouts/layout_04/dashboard_page.dart:299:52 • deprecated_member_use
   info • 'withOpacity' is deprecated and shouldn't be used. Use .withValues() to avoid precision loss • lib/layouts/layout_04/dashboard_page.dart:302:39 • deprecated_member_use
   info • 'withOpacity' is deprecated and shouldn't be used. Use .withValues() to avoid precision loss • lib/layouts/layout_04/dashboard_page.dart:323:44 • deprecated_member_use
   info • 'withOpacity' is deprecated and shouldn't be used. Use .withValues() to avoid precision loss • lib/layouts/layout_04/dashboard_page.dart:325:63 • deprecated_member_use
   info • 'withOpacity' is deprecated and shouldn't be used. Use .withValues() to avoid precision loss • lib/layouts/layout_04/login_page.dart:68:43 • deprecated_member_use
   info • Use 'const' with the constructor to improve performance • lib/layouts/layout_04/login_page.dart:85:19 • prefer_const_constructors
   info • Use 'const' literals as arguments to constructors of '@immutable' classes • lib/layouts/layout_04/login_page.dart:86:31 • prefer_const_literals_to_create_immutables
   info • 'withOpacity' is deprecated and shouldn't be used. Use .withValues() to avoid precision loss • lib/layouts/layout_04/login_page.dart:110:45 • deprecated_member_use
   info • 'withOpacity' is deprecated and shouldn't be used. Use .withValues() to avoid precision loss • lib/layouts/layout_04/login_page.dart:113:58 • deprecated_member_use
   info • 'background' is deprecated and shouldn't be used. Use surface instead. This feature was deprecated after v3.18.0-0.1.pre • lib/layouts/layout_04/theme.dart:27:11 • deprecated_member_use
   info • 'withOpacity' is deprecated and shouldn't be used. Use .withValues() to avoid precision loss • lib/layouts/layout_04/widgets/glass_card.dart:26:47 • deprecated_member_use
   info • 'withOpacity' is deprecated and shouldn't be used. Use .withValues() to avoid precision loss • lib/layouts/layout_04/widgets/glass_card.dart:29:33 • deprecated_member_use
   info • 'withOpacity' is deprecated and shouldn't be used. Use .withValues() to avoid precision loss • lib/layouts/layout_05/dashboard_page.dart:153:50 • deprecated_member_use
   info • Use 'const' with the constructor to improve performance • lib/layouts/layout_05/dashboard_page.dart:187:25 • prefer_const_constructors
   info • Use 'const' with the constructor to improve performance • lib/layouts/layout_05/dashboard_page.dart:257:11 • prefer_const_constructors
   info • Use 'const' with the constructor to improve performance • lib/layouts/layout_05/dashboard_page.dart:298:24 • prefer_const_constructors
warning • The value of the field '_animDuration' isn't used • lib/layouts/layout_05/login_page.dart:20:25 • unused_field
   info • Use 'const' with the constructor to improve performance • lib/layouts/layout_05/login_page.dart:117:21 • prefer_const_constructors
   info • Use 'const' with the constructor to improve performance • lib/layouts/layout_05/login_page.dart:119:30 • prefer_const_constructors
   info • Use 'const' with the constructor to improve performance • lib/layouts/layout_05/login_page.dart:240:30 • prefer_const_constructors
   info • Use 'const' with the constructor to improve performance • lib/layouts/layout_05/login_page.dart:242:32 • prefer_const_constructors
   info • Use 'const' with the constructor to improve performance • lib/layouts/layout_05/theme.dart:28:11 • prefer_const_constructors
   info • Use 'const' with the constructor to improve performance • lib/layouts/layout_05/theme.dart:46:11 • prefer_const_constructors
   info • Use 'const' with the constructor to improve performance • lib/layouts/layout_05/theme.dart:85:19 • prefer_const_constructors
   info • Use 'const' literals as arguments to constructors of '@immutable' classes • lib/layouts/layout_05/theme.dart:88:19 • prefer_const_literals_to_create_immutables
   info • Use 'const' with the constructor to improve performance • lib/layouts/layout_05/theme.dart:89:13 • prefer_const_constructors
   info • Use 'const' with the constructor to improve performance • lib/layouts/layout_05/theme.dart:90:13 • prefer_const_constructors
   info • Use 'const' with the constructor to improve performance • lib/layouts/layout_05/theme.dart:100:11 • prefer_const_constructors
   info • Use 'const' with the constructor to improve performance • lib/layouts/layout_05/widgets/neumorphic_bottom_nav.dart:29:13 • prefer_const_constructors
   info • 'withOpacity' is deprecated and shouldn't be used. Use .withValues() to avoid precision loss • lib/layouts/layout_05/widgets/neumorphic_bottom_nav.dart:35:46 • deprecated_member_use
   info • Use 'const' with the constructor to improve performance • lib/layouts/layout_05/widgets/neumorphic_bottom_nav.dart:74:21 • prefer_const_constructors
   info • 'withOpacity' is deprecated and shouldn't be used. Use .withValues() to avoid precision loss • lib/layouts/layout_05/wifi_page.dart:287:44 • deprecated_member_use
   info • 'withOpacity' is deprecated and shouldn't be used. Use .withValues() to avoid precision loss • lib/layouts/layout_05/wifi_page.dart:296:52 • deprecated_member_use
   info • 'withOpacity' is deprecated and shouldn't be used. Use .withValues() to avoid precision loss • lib/layouts/layout_06/dashboard_page.dart:91:57 • deprecated_member_use
   info • 'withOpacity' is deprecated and shouldn't be used. Use .withValues() to avoid precision loss • lib/layouts/layout_06/dashboard_page.dart:154:45 • deprecated_member_use
   info • 'withOpacity' is deprecated and shouldn't be used. Use .withValues() to avoid precision loss • lib/layouts/layout_06/dashboard_page.dart:180:51 • deprecated_member_use
   info • 'withOpacity' is deprecated and shouldn't be used. Use .withValues() to avoid precision loss • lib/layouts/layout_06/dashboard_page.dart:257:47 • deprecated_member_use
   info • 'withOpacity' is deprecated and shouldn't be used. Use .withValues() to avoid precision loss • lib/layouts/layout_06/dashboard_page.dart:299:61 • deprecated_member_use
   info • 'withOpacity' is deprecated and shouldn't be used. Use .withValues() to avoid precision loss • lib/layouts/layout_06/dashboard_page.dart:300:61 • deprecated_member_use
   info • 'withOpacity' is deprecated and shouldn't be used. Use .withValues() to avoid precision loss • lib/layouts/layout_06/dashboard_page.dart:429:50 • deprecated_member_use
   info • 'withOpacity' is deprecated and shouldn't be used. Use .withValues() to avoid precision loss • lib/layouts/layout_06/dashboard_page.dart:472:53 • deprecated_member_use
   info • 'withOpacity' is deprecated and shouldn't be used. Use .withValues() to avoid precision loss • lib/layouts/layout_06/dashboard_page.dart:506:49 • deprecated_member_use
   info • 'withOpacity' is deprecated and shouldn't be used. Use .withValues() to avoid precision loss • lib/layouts/layout_06/dashboard_page.dart:513:34 • deprecated_member_use
   info • 'withOpacity' is deprecated and shouldn't be used. Use .withValues() to avoid precision loss • lib/layouts/layout_06/dashboard_page.dart:582:59 • deprecated_member_use
   info • 'withOpacity' is deprecated and shouldn't be used. Use .withValues() to avoid precision loss • lib/layouts/layout_06/login_page.dart:104:34 • deprecated_member_use
   info • 'withOpacity' is deprecated and shouldn't be used. Use .withValues() to avoid precision loss • lib/layouts/layout_06/login_page.dart:121:36 • deprecated_member_use
   info • 'withOpacity' is deprecated and shouldn't be used. Use .withValues() to avoid precision loss • lib/layouts/layout_06/login_page.dart:232:52 • deprecated_member_use
   info • 'withOpacity' is deprecated and shouldn't be used. Use .withValues() to avoid precision loss • lib/layouts/layout_06/login_page.dart:239:53 • deprecated_member_use
   info • 'withOpacity' is deprecated and shouldn't be used. Use .withValues() to avoid precision loss • lib/layouts/layout_06/login_page.dart:263:43 • deprecated_member_use
   info • 'withOpacity' is deprecated and shouldn't be used. Use .withValues() to avoid precision loss • lib/layouts/layout_06/theme.dart:68:42 • deprecated_member_use
   info • 'withOpacity' is deprecated and shouldn't be used. Use .withValues() to avoid precision loss • lib/layouts/layout_06/theme.dart:72:24 • deprecated_member_use
   info • 'withOpacity' is deprecated and shouldn't be used. Use .withValues() to avoid precision loss • lib/layouts/layout_06/theme.dart:74:48 • deprecated_member_use
   info • 'withOpacity' is deprecated and shouldn't be used. Use .withValues() to avoid precision loss • lib/layouts/layout_06/theme.dart:77:33 • deprecated_member_use
   info • 'background' is deprecated and shouldn't be used. Use surface instead. This feature was deprecated after v3.18.0-0.1.pre • lib/layouts/layout_06/theme.dart:94:11 • deprecated_member_use
   info • 'withOpacity' is deprecated and shouldn't be used. Use .withValues() to avoid precision loss • lib/layouts/layout_06/widgets/bottom_nav.dart:19:49 • deprecated_member_use
   info • 'withOpacity' is deprecated and shouldn't be used. Use .withValues() to avoid precision loss • lib/layouts/layout_06/widgets/bottom_nav.dart:20:56 • deprecated_member_use
   info • 'withOpacity' is deprecated and shouldn't be used. Use .withValues() to avoid precision loss • lib/layouts/layout_06/widgets/bottom_nav.dart:31:33 • deprecated_member_use
   info • 'withOpacity' is deprecated and shouldn't be used. Use .withValues() to avoid precision loss • lib/layouts/layout_06/widgets/bottom_nav.dart:63:37 • deprecated_member_use
warning • Unused import: '../theme.dart' • lib/layouts/layout_06/widgets/glass_card.dart:2:8 • unused_import
   info • 'withOpacity' is deprecated and shouldn't be used. Use .withValues() to avoid precision loss • lib/layouts/layout_06/widgets/glass_card.dart:37:46 • deprecated_member_use
   info • 'withOpacity' is deprecated and shouldn't be used. Use .withValues() to avoid precision loss • lib/layouts/layout_06/widgets/glass_card.dart:40:31 • deprecated_member_use
   info • Use 'const' with the constructor to improve performance • lib/layouts/layout_06/widgets/skeleton_dashboard_page.dart:37:23 • prefer_const_constructors

